
  0%|          | 0/20 [00:00<?, ?it/s]
      Epoch 0 train:   0%|          | 0/20 [00:00<?, ?it/s]
      Epoch 0 train:   0%|          | 0/20 [00:10<?, ?it/s, avg_loss=1.0999, num_batches=1/66, num_samples=1]
      Epoch 0 train:   0%|          | 0/20 [00:10<?, ?it/s, avg_loss=0.5502, num_batches=2/66, num_samples=2]
      Epoch 0 train:   0%|          | 0/20 [00:11<?, ?it/s, avg_loss=0.3669, num_batches=3/66, num_samples=3]
      Epoch 0 train:   0%|          | 0/20 [00:11<?, ?it/s, avg_loss=3.0150, num_batches=4/66, num_samples=4]
      Epoch 0 train:   0%|          | 0/20 [00:11<?, ?it/s, avg_loss=2.4120, num_batches=5/66, num_samples=5]
      Epoch 0 train:   0%|          | 0/20 [00:11<?, ?it/s, avg_loss=2.0101, num_batches=6/66, num_samples=6]
      Epoch 0 train:   0%|          | 0/20 [00:11<?, ?it/s, avg_loss=1.7233, num_batches=7/66, num_samples=7]
      Epoch 0 train:   0%|          | 0/20 [00:11<?, ?it/s, avg_loss=1.5087, num_batches=8/66, num_samples=8]
      Epoch 0 train:   0%|          | 0/20 [00:11<?, ?it/s, avg_loss=1.3422, num_batches=9/66, num_samples=9]
      Epoch 0 train:   0%|          | 0/20 [00:11<?, ?it/s, avg_loss=1.2092, num_batches=10/66, num_samples=10]
      Epoch 0 train:   0%|          | 0/20 [00:11<?, ?it/s, avg_loss=1.1012, num_batches=11/66, num_samples=11]
      Epoch 0 train:   0%|          | 0/20 [00:11<?, ?it/s, avg_loss=1.0119, num_batches=12/66, num_samples=12]
      Epoch 0 train:   0%|          | 0/20 [00:11<?, ?it/s, avg_loss=0.9361, num_batches=13/66, num_samples=13]
      Epoch 0 train:   0%|          | 0/20 [00:11<?, ?it/s, avg_loss=1.1453, num_batches=14/66, num_samples=14]
      Epoch 0 train:   0%|          | 0/20 [00:11<?, ?it/s, avg_loss=1.0751, num_batches=15/66, num_samples=15]
      Epoch 0 train:   0%|          | 0/20 [00:12<?, ?it/s, avg_loss=1.0206, num_batches=16/66, num_samples=16]
      Epoch 0 train:   0%|          | 0/20 [00:12<?, ?it/s, avg_loss=0.9740, num_batches=17/66, num_samples=17]
      Epoch 0 train:   0%|          | 0/20 [00:12<?, ?it/s, avg_loss=0.9363, num_batches=18/66, num_samples=18]
      Epoch 0 train:   0%|          | 0/20 [00:12<?, ?it/s, avg_loss=0.8994, num_batches=19/66, num_samples=19]
      Epoch 0 train:   0%|          | 0/20 [00:12<?, ?it/s, avg_loss=0.8591, num_batches=20/66, num_samples=20]
      Epoch 0 train:   0%|          | 0/20 [00:12<?, ?it/s, avg_loss=0.8198, num_batches=21/66, num_samples=21]
      Epoch 0 train:   0%|          | 0/20 [00:12<?, ?it/s, avg_loss=0.9603, num_batches=22/66, num_samples=22]
      Epoch 0 train:   0%|          | 0/20 [00:12<?, ?it/s, avg_loss=0.9197, num_batches=23/66, num_samples=23]
      Epoch 0 train:   0%|          | 0/20 [00:13<?, ?it/s, avg_loss=0.8849, num_batches=24/66, num_samples=24]
      Epoch 0 train:   0%|          | 0/20 [00:13<?, ?it/s, avg_loss=0.8533, num_batches=25/66, num_samples=25]
      Epoch 0 train:   0%|          | 0/20 [00:13<?, ?it/s, avg_loss=0.8260, num_batches=26/66, num_samples=26]
      Epoch 0 train:   0%|          | 0/20 [00:13<?, ?it/s, avg_loss=0.7990, num_batches=27/66, num_samples=27]
      Epoch 0 train:   0%|          | 0/20 [00:13<?, ?it/s, avg_loss=0.8524, num_batches=28/66, num_samples=28]
      Epoch 0 train:   0%|          | 0/20 [00:13<?, ?it/s, avg_loss=0.8287, num_batches=29/66, num_samples=29]
      Epoch 0 train:   0%|          | 0/20 [00:13<?, ?it/s, avg_loss=0.8109, num_batches=30/66, num_samples=30]
      Epoch 0 train:   0%|          | 0/20 [00:13<?, ?it/s, avg_loss=0.7940, num_batches=31/66, num_samples=31]
      Epoch 0 train:   0%|          | 0/20 [00:13<?, ?it/s, avg_loss=0.7761, num_batches=32/66, num_samples=32]
      Epoch 0 train:   0%|          | 0/20 [00:13<?, ?it/s, avg_loss=0.7639, num_batches=33/66, num_samples=33]
      Epoch 0 train:   0%|          | 0/20 [00:13<?, ?it/s, avg_loss=0.7464, num_batches=34/66, num_samples=34]
      Epoch 0 train:   0%|          | 0/20 [00:14<?, ?it/s, avg_loss=0.7283, num_batches=35/66, num_samples=35]
      Epoch 0 train:   0%|          | 0/20 [00:14<?, ?it/s, avg_loss=0.7119, num_batches=36/66, num_samples=36]
      Epoch 0 train:   0%|          | 0/20 [00:14<?, ?it/s, avg_loss=0.7635, num_batches=37/66, num_samples=37]
      Epoch 0 train:   0%|          | 0/20 [00:14<?, ?it/s, avg_loss=0.7460, num_batches=38/66, num_samples=38]
      Epoch 0 train:   0%|          | 0/20 [00:14<?, ?it/s, avg_loss=0.7295, num_batches=39/66, num_samples=39]
      Epoch 0 train:   0%|          | 0/20 [00:14<?, ?it/s, avg_loss=0.7142, num_batches=40/66, num_samples=40]
      Epoch 0 train:   0%|          | 0/20 [00:14<?, ?it/s, avg_loss=0.7482, num_batches=41/66, num_samples=41]
      Epoch 0 train:   0%|          | 0/20 [00:14<?, ?it/s, avg_loss=0.7335, num_batches=42/66, num_samples=42]
      Epoch 0 train:   0%|          | 0/20 [00:14<?, ?it/s, avg_loss=0.7203, num_batches=43/66, num_samples=43]
      Epoch 0 train:   0%|          | 0/20 [00:14<?, ?it/s, avg_loss=0.7089, num_batches=44/66, num_samples=44]
      Epoch 0 train:   0%|          | 0/20 [00:15<?, ?it/s, avg_loss=0.6985, num_batches=45/66, num_samples=45]
      Epoch 0 train:   0%|          | 0/20 [00:15<?, ?it/s, avg_loss=0.6875, num_batches=46/66, num_samples=46]
      Epoch 0 train:   0%|          | 0/20 [00:15<?, ?it/s, avg_loss=0.6760, num_batches=47/66, num_samples=47]
      Epoch 0 train:   0%|          | 0/20 [00:15<?, ?it/s, avg_loss=0.7040, num_batches=48/66, num_samples=48]
      Epoch 0 train:   0%|          | 0/20 [00:15<?, ?it/s, avg_loss=0.6919, num_batches=49/66, num_samples=49]
      Epoch 0 train:   0%|          | 0/20 [00:15<?, ?it/s, avg_loss=0.6811, num_batches=50/66, num_samples=50]
      Epoch 0 train:   0%|          | 0/20 [00:15<?, ?it/s, avg_loss=0.6722, num_batches=51/66, num_samples=51]
      Epoch 0 train:   0%|          | 0/20 [00:16<?, ?it/s, avg_loss=0.6628, num_batches=52/66, num_samples=52]
      Epoch 0 train:   0%|          | 0/20 [00:16<?, ?it/s, avg_loss=0.6777, num_batches=53/66, num_samples=53]
      Epoch 0 train:   0%|          | 0/20 [00:16<?, ?it/s, avg_loss=0.6670, num_batches=54/66, num_samples=54]
      Epoch 0 train:   0%|          | 0/20 [00:16<?, ?it/s, avg_loss=0.6615, num_batches=55/66, num_samples=55]
      Epoch 0 train:   0%|          | 0/20 [00:16<?, ?it/s, avg_loss=0.6590, num_batches=56/66, num_samples=56]
      Epoch 0 train:   0%|          | 0/20 [00:16<?, ?it/s, avg_loss=0.6539, num_batches=57/66, num_samples=57]
      Epoch 0 train:   0%|          | 0/20 [00:17<?, ?it/s, avg_loss=0.6656, num_batches=58/66, num_samples=58]
      Epoch 0 train:   0%|          | 0/20 [00:17<?, ?it/s, avg_loss=0.6559, num_batches=59/66, num_samples=59]
      Epoch 0 train:   0%|          | 0/20 [00:17<?, ?it/s, avg_loss=0.6504, num_batches=60/66, num_samples=60]
      Epoch 0 train:   0%|          | 0/20 [00:18<?, ?it/s, avg_loss=0.6649, num_batches=61/66, num_samples=61]
      Epoch 0 train:   0%|          | 0/20 [00:18<?, ?it/s, avg_loss=0.6649, num_batches=61/66, num_samples=61]
Traceback (most recent call last):
  File "<frozen runpy>", line 198, in _run_module_as_main
  File "<frozen runpy>", line 88, in _run_code
  File "/home/oem/HilbertWSI/scripts/run_benchmark.py", line 251, in <module>
    main()
  File "/home/oem/HilbertWSI/scripts/run_benchmark.py", line 246, in main
    exp.train()
  File "/home/oem/miniconda3/envs/hilbert-wsi-clean/lib/python3.11/site-packages/patho_bench/experiments/FinetuningExperiment.py", line 154, in train
    self._run_single_epoch()
  File "/home/oem/miniconda3/envs/hilbert-wsi-clean/lib/python3.11/site-packages/patho_bench/experiments/FinetuningExperiment.py", line 367, in _run_single_epoch
    loss, info = self.model(batch, output='loss')
                 ^^^^^^^^^^^^^^^^^^^^^^^^^^^^^^^^
  File "/home/oem/miniconda3/envs/hilbert-wsi-clean/lib/python3.11/site-packages/torch/nn/modules/module.py", line 1736, in _wrapped_call_impl
    return self._call_impl(*args, **kwargs)
           ^^^^^^^^^^^^^^^^^^^^^^^^^^^^^^^^
  File "/home/oem/miniconda3/envs/hilbert-wsi-clean/lib/python3.11/site-packages/torch/nn/modules/module.py", line 1747, in _call_impl
    return forward_call(*args, **kwargs)
           ^^^^^^^^^^^^^^^^^^^^^^^^^^^^^
  File "/home/oem/miniconda3/envs/hilbert-wsi-clean/lib/python3.11/site-packages/patho_bench/TrainableSlideEncoder.py", line 61, in forward
    slide_features = Pooler.pool(self.slide_encoder, slide_encoder_input, self.device)
                     ^^^^^^^^^^^^^^^^^^^^^^^^^^^^^^^^^^^^^^^^^^^^^^^^^^^^^^^^^^^^^^^^^
  File "/home/oem/miniconda3/envs/hilbert-wsi-clean/lib/python3.11/site-packages/patho_bench/Pooler.py", line 134, in pool
    return model.forward(cleaned_sample, device)
           ^^^^^^^^^^^^^^^^^^^^^^^^^^^^^^^^^^^^^
  File "/home/oem/HilbertWSI/adapters/patho_bench.py", line 345, in forward
    return self.inner(batch, device=device)
           ^^^^^^^^^^^^^^^^^^^^^^^^^^^^^^^^
  File "/home/oem/miniconda3/envs/hilbert-wsi-clean/lib/python3.11/site-packages/torch/nn/modules/module.py", line 1736, in _wrapped_call_impl
    return self._call_impl(*args, **kwargs)
           ^^^^^^^^^^^^^^^^^^^^^^^^^^^^^^^^
  File "/home/oem/miniconda3/envs/hilbert-wsi-clean/lib/python3.11/site-packages/torch/nn/modules/module.py", line 1747, in _call_impl
    return forward_call(*args, **kwargs)
           ^^^^^^^^^^^^^^^^^^^^^^^^^^^^^
  File "/home/oem/HilbertWSI/hilbert_wsi/encoder_2d.py", line 161, in forward
    return self._encode(features, coords, mask=mask)
           ^^^^^^^^^^^^^^^^^^^^^^^^^^^^^^^^^^^^^^^^^
  File "/home/oem/HilbertWSI/hilbert_wsi/encoder_2d.py", line 122, in _encode
    return self.backbone(h, mask=mask)                                     # backbone skips its own proj_in
           ^^^^^^^^^^^^^^^^^^^^^^^^^^^
  File "/home/oem/miniconda3/envs/hilbert-wsi-clean/lib/python3.11/site-packages/torch/nn/modules/module.py", line 1736, in _wrapped_call_impl
    return self._call_impl(*args, **kwargs)
           ^^^^^^^^^^^^^^^^^^^^^^^^^^^^^^^^
  File "/home/oem/miniconda3/envs/hilbert-wsi-clean/lib/python3.11/site-packages/torch/nn/modules/module.py", line 1747, in _call_impl
    return forward_call(*args, **kwargs)
           ^^^^^^^^^^^^^^^^^^^^^^^^^^^^^
  File "/home/oem/HilbertWSI/hilbert_wsi/models/mamba.py", line 107, in forward
    x = blk(x, mask=mask)
        ^^^^^^^^^^^^^^^^^
  File "/home/oem/miniconda3/envs/hilbert-wsi-clean/lib/python3.11/site-packages/torch/nn/modules/module.py", line 1736, in _wrapped_call_impl
    return self._call_impl(*args, **kwargs)
           ^^^^^^^^^^^^^^^^^^^^^^^^^^^^^^^^
  File "/home/oem/miniconda3/envs/hilbert-wsi-clean/lib/python3.11/site-packages/torch/nn/modules/module.py", line 1747, in _call_impl
    return forward_call(*args, **kwargs)
           ^^^^^^^^^^^^^^^^^^^^^^^^^^^^^
  File "/home/oem/HilbertWSI/hilbert_wsi/models/mamba.py", line 53, in forward
    b = torch.flip(self.bwd(torch.flip(x, dims=[1])), dims=[1])
                   ^^^^^^^^^^^^^^^^^^^^^^^^^^^^^^^^^
  File "/home/oem/miniconda3/envs/hilbert-wsi-clean/lib/python3.11/site-packages/torch/nn/modules/module.py", line 1736, in _wrapped_call_impl
    return self._call_impl(*args, **kwargs)
           ^^^^^^^^^^^^^^^^^^^^^^^^^^^^^^^^
  File "/home/oem/miniconda3/envs/hilbert-wsi-clean/lib/python3.11/site-packages/torch/nn/modules/module.py", line 1747, in _call_impl
    return forward_call(*args, **kwargs)
           ^^^^^^^^^^^^^^^^^^^^^^^^^^^^^
  File "/home/oem/miniconda3/envs/hilbert-wsi-clean/lib/python3.11/site-packages/mamba_ssm/modules/mamba2.py", line 185, in forward
    out = mamba_split_conv1d_scan_combined(
          ^^^^^^^^^^^^^^^^^^^^^^^^^^^^^^^^^
  File "/home/oem/miniconda3/envs/hilbert-wsi-clean/lib/python3.11/site-packages/mamba_ssm/ops/triton/ssd_combined.py", line 996, in mamba_split_conv1d_scan_combined
    return MambaSplitConv1dScanCombinedFn.apply(zxbcdt, conv1d_weight, conv1d_bias, dt_bias, A, D, chunk_size, initial_states, seq_idx, dt_limit, return_final_states, activation, rmsnorm_weight, rmsnorm_eps, outproj_weight, outproj_bias, headdim, ngroups, norm_before_gate)
           ^^^^^^^^^^^^^^^^^^^^^^^^^^^^^^^^^^^^^^^^^^^^^^^^^^^^^^^^^^^^^^^^^^^^^^^^^^^^^^^^^^^^^^^^^^^^^^^^^^^^^^^^^^^^^^^^^^^^^^^^^^^^^^^^^^^^^^^^^^^^^^^^^^^^^^^^^^^^^^^^^^^^^^^^^^^^^^^^^^^^^^^^^^^^^^^^^^^^^^^^^^^^^^^^^^^^^^^^^^^^^^^^^^^^^^^^^^^^^^^^^^^^^^^^^^^^^^^^^^^^^^
  File "/home/oem/miniconda3/envs/hilbert-wsi-clean/lib/python3.11/site-packages/torch/autograd/function.py", line 575, in apply
    return super().apply(*args, **kwargs)  # type: ignore[misc]
           ^^^^^^^^^^^^^^^^^^^^^^^^^^^^^^
  File "/home/oem/miniconda3/envs/hilbert-wsi-clean/lib/python3.11/site-packages/torch/amp/autocast_mode.py", line 465, in decorate_fwd
    return fwd(*args, **kwargs)
           ^^^^^^^^^^^^^^^^^^^^
  File "/home/oem/miniconda3/envs/hilbert-wsi-clean/lib/python3.11/site-packages/mamba_ssm/ops/triton/ssd_combined.py", line 856, in forward
    out_x, _, dt_out, dA_cumsum, states, final_states = _mamba_chunk_scan_combined_fwd(x, dt, A, B, C, chunk_size=chunk_size, D=D, z=None, dt_bias=dt_bias, initial_states=initial_states, seq_idx=seq_idx, dt_softplus=True, dt_limit=dt_limit)
                                                        ^^^^^^^^^^^^^^^^^^^^^^^^^^^^^^^^^^^^^^^^^^^^^^^^^^^^^^^^^^^^^^^^^^^^^^^^^^^^^^^^^^^^^^^^^^^^^^^^^^^^^^^^^^^^^^^^^^^^^^^^^^^^^^^^^^^^^^^^^^^^^^^^^^^^^^^^^^^^^^^^^^^^^^^^^^^^^^^^^^^^^^^^
  File "/home/oem/miniconda3/envs/hilbert-wsi-clean/lib/python3.11/site-packages/mamba_ssm/ops/triton/ssd_combined.py", line 386, in _mamba_chunk_scan_combined_fwd
    out, out_x = _chunk_scan_fwd(CB, x, dt, dA_cumsum, C, states, D=D, z=z, seq_idx=seq_idx)
                 ^^^^^^^^^^^^^^^^^^^^^^^^^^^^^^^^^^^^^^^^^^^^^^^^^^^^^^^^^^^^^^^^^^^^^^^^^^^
  File "/home/oem/miniconda3/envs/hilbert-wsi-clean/lib/python3.11/site-packages/mamba_ssm/ops/triton/ssd_chunk_scan.py", line 1276, in _chunk_scan_fwd
    out = torch.empty(batch, seqlen, nheads, headdim, device=x.device, dtype=x.dtype)
          ^^^^^^^^^^^^^^^^^^^^^^^^^^^^^^^^^^^^^^^^^^^^^^^^^^^^^^^^^^^^^^^^^^^^^^^^^^^
torch.OutOfMemoryError: CUDA out of memory. Tried to allocate 284.00 MiB. GPU 0 has a total capacity of 11.76 GiB of which 159.50 MiB is free. Process 977 has 248.00 MiB memory in use. Including non-PyTorch memory, this process has 11.34 GiB memory in use. Of the allocated memory 10.41 GiB is allocated by PyTorch, and 277.66 MiB is reserved by PyTorch but unallocated. If reserved but unallocated memory is large try setting PYTORCH_CUDA_ALLOC_CONF=expandable_segments:True to avoid fragmentation.  See documentation for Memory Management  (https://pytorch.org/docs/stable/notes/cuda.html#environment-variables)

ERROR conda.cli.main_run:execute(127): `conda run python -m scripts.run_benchmark --source cptac_ccrcc --task BAP1_mutation --experiment_type finetune --model_name hilbertwsi_2dpe_mamba --patch_features_dir /data/hilbert-wsi/features/CPTAC_CCRCC --splits_root splits --saveto runs/postfix_ccrcc_2dpe_mamba --model_kwargs_yaml configs/backbones/mamba_2dpe_base.yaml --num_epochs 20 --gpu 0 --bag_size 2048` failed. (See above for error)
Loaded split from splits/cptac_ccrcc/BAP1_mutation/k=all.tsv with 103 samples and 50 folds assigned.

Experiment dir: runs/postfix_ccrcc_2dpe_mamba
############################################################################################################
Training: Fold 1 of 50...

