
  0%|          | 0/20 [00:00<?, ?it/s]
      Epoch 0 train:   0%|          | 0/20 [00:00<?, ?it/s]
      Epoch 0 train:   0%|          | 0/20 [00:00<?, ?it/s, avg_loss=0.5344, num_batches=1/66, num_samples=1]
      Epoch 0 train:   0%|          | 0/20 [00:00<?, ?it/s, avg_loss=0.2731, num_batches=2/66, num_samples=2]
      Epoch 0 train:   0%|          | 0/20 [00:00<?, ?it/s, avg_loss=0.1831, num_batches=3/66, num_samples=3]
      Epoch 0 train:   0%|          | 0/20 [00:00<?, ?it/s, avg_loss=2.2021, num_batches=4/66, num_samples=4]
      Epoch 0 train:   0%|          | 0/20 [00:00<?, ?it/s, avg_loss=1.7619, num_batches=5/66, num_samples=5]
      Epoch 0 train:   0%|          | 0/20 [00:00<?, ?it/s, avg_loss=1.4685, num_batches=6/66, num_samples=6]
      Epoch 0 train:   0%|          | 0/20 [00:01<?, ?it/s, avg_loss=1.2596, num_batches=7/66, num_samples=7]
      Epoch 0 train:   0%|          | 0/20 [00:01<?, ?it/s, avg_loss=1.1038, num_batches=8/66, num_samples=8]
      Epoch 0 train:   0%|          | 0/20 [00:01<?, ?it/s, avg_loss=0.9820, num_batches=9/66, num_samples=9]
      Epoch 0 train:   0%|          | 0/20 [00:02<?, ?it/s, avg_loss=0.8852, num_batches=10/66, num_samples=10]
      Epoch 0 train:   0%|          | 0/20 [00:02<?, ?it/s, avg_loss=0.8063, num_batches=11/66, num_samples=11]
      Epoch 0 train:   0%|          | 0/20 [00:02<?, ?it/s, avg_loss=0.7422, num_batches=12/66, num_samples=12]
      Epoch 0 train:   0%|          | 0/20 [00:02<?, ?it/s, avg_loss=0.6878, num_batches=13/66, num_samples=13]
      Epoch 0 train:   0%|          | 0/20 [00:03<?, ?it/s, avg_loss=0.8838, num_batches=14/66, num_samples=14]
      Epoch 0 train:   0%|          | 0/20 [00:04<?, ?it/s, avg_loss=0.8312, num_batches=15/66, num_samples=15]
      Epoch 0 train:   0%|          | 0/20 [00:04<?, ?it/s, avg_loss=0.7882, num_batches=16/66, num_samples=16]
      Epoch 0 train:   0%|          | 0/20 [00:04<?, ?it/s, avg_loss=0.7489, num_batches=17/66, num_samples=17]
      Epoch 0 train:   0%|          | 0/20 [00:05<?, ?it/s, avg_loss=0.7147, num_batches=18/66, num_samples=18]
      Epoch 0 train:   0%|          | 0/20 [00:08<?, ?it/s, avg_loss=0.6973, num_batches=19/66, num_samples=19]
      Epoch 0 train:   0%|          | 0/20 [00:12<?, ?it/s, avg_loss=0.6791, num_batches=20/66, num_samples=20]
      Epoch 0 train:   0%|          | 0/20 [00:12<?, ?it/s, avg_loss=0.6520, num_batches=21/66, num_samples=21]
      Epoch 0 train:   0%|          | 0/20 [00:12<?, ?it/s, avg_loss=0.7304, num_batches=22/66, num_samples=22]
      Epoch 0 train:   0%|          | 0/20 [00:12<?, ?it/s, avg_loss=0.7010, num_batches=23/66, num_samples=23]
      Epoch 0 train:   0%|          | 0/20 [00:13<?, ?it/s, avg_loss=0.6839, num_batches=24/66, num_samples=24]
      Epoch 0 train:   0%|          | 0/20 [00:13<?, ?it/s, avg_loss=0.6637, num_batches=25/66, num_samples=25]
      Epoch 0 train:   0%|          | 0/20 [00:13<?, ?it/s, avg_loss=0.6485, num_batches=26/66, num_samples=26]
      Epoch 0 train:   0%|          | 0/20 [00:13<?, ?it/s, avg_loss=0.6278, num_batches=27/66, num_samples=27]
      Epoch 0 train:   0%|          | 0/20 [00:13<?, ?it/s, avg_loss=0.6828, num_batches=28/66, num_samples=28]
      Epoch 0 train:   0%|          | 0/20 [00:13<?, ?it/s, avg_loss=0.6634, num_batches=29/66, num_samples=29]
      Epoch 0 train:   0%|          | 0/20 [00:14<?, ?it/s, avg_loss=0.6470, num_batches=30/66, num_samples=30]
      Epoch 0 train:   0%|          | 0/20 [00:16<?, ?it/s, avg_loss=0.6301, num_batches=31/66, num_samples=31]
      Epoch 0 train:   0%|          | 0/20 [00:16<?, ?it/s, avg_loss=0.6130, num_batches=32/66, num_samples=32]
      Epoch 0 train:   0%|          | 0/20 [00:16<?, ?it/s, avg_loss=0.6041, num_batches=33/66, num_samples=33]
      Epoch 0 train:   0%|          | 0/20 [00:17<?, ?it/s, avg_loss=0.5892, num_batches=34/66, num_samples=34]
      Epoch 0 train:   0%|          | 0/20 [00:17<?, ?it/s, avg_loss=0.5749, num_batches=35/66, num_samples=35]
      Epoch 0 train:   0%|          | 0/20 [00:18<?, ?it/s, avg_loss=0.5642, num_batches=36/66, num_samples=36]
      Epoch 0 train:   0%|          | 0/20 [00:18<?, ?it/s, avg_loss=0.6174, num_batches=37/66, num_samples=37]
      Epoch 0 train:   0%|          | 0/20 [00:19<?, ?it/s, avg_loss=0.6055, num_batches=38/66, num_samples=38]
      Epoch 0 train:   0%|          | 0/20 [00:21<?, ?it/s, avg_loss=0.5934, num_batches=39/66, num_samples=39]
      Epoch 0 train:   0%|          | 0/20 [00:21<?, ?it/s, avg_loss=0.5826, num_batches=40/66, num_samples=40]
      Epoch 0 train:   0%|          | 0/20 [00:21<?, ?it/s, avg_loss=0.6132, num_batches=41/66, num_samples=41]
      Epoch 0 train:   0%|          | 0/20 [00:21<?, ?it/s, avg_loss=0.6031, num_batches=42/66, num_samples=42]
      Epoch 0 train:   0%|          | 0/20 [00:21<?, ?it/s, avg_loss=0.5941, num_batches=43/66, num_samples=43]
      Epoch 0 train:   0%|          | 0/20 [00:22<?, ?it/s, avg_loss=0.5867, num_batches=44/66, num_samples=44]
      Epoch 0 train:   0%|          | 0/20 [00:24<?, ?it/s, avg_loss=0.5787, num_batches=45/66, num_samples=45]
      Epoch 0 train:   0%|          | 0/20 [00:24<?, ?it/s, avg_loss=0.5698, num_batches=46/66, num_samples=46]
      Epoch 0 train:   0%|          | 0/20 [00:26<?, ?it/s, avg_loss=0.5598, num_batches=47/66, num_samples=47]
      Epoch 0 train:   0%|          | 0/20 [00:28<?, ?it/s, avg_loss=0.5898, num_batches=48/66, num_samples=48]
      Epoch 0 train:   0%|          | 0/20 [00:29<?, ?it/s, avg_loss=0.5791, num_batches=49/66, num_samples=49]
      Epoch 0 train:   0%|          | 0/20 [00:30<?, ?it/s, avg_loss=0.5695, num_batches=50/66, num_samples=50]
      Epoch 0 train:   0%|          | 0/20 [00:30<?, ?it/s, avg_loss=0.5614, num_batches=51/66, num_samples=51]
      Epoch 0 train:   0%|          | 0/20 [00:30<?, ?it/s, avg_loss=0.5532, num_batches=52/66, num_samples=52]
      Epoch 0 train:   0%|          | 0/20 [00:32<?, ?it/s, avg_loss=0.5656, num_batches=53/66, num_samples=53]
      Epoch 0 train:   0%|          | 0/20 [00:37<?, ?it/s, avg_loss=0.5561, num_batches=54/66, num_samples=54]
      Epoch 0 train:   0%|          | 0/20 [00:37<?, ?it/s, avg_loss=0.5538, num_batches=55/66, num_samples=55]
      Epoch 0 train:   0%|          | 0/20 [00:38<?, ?it/s, avg_loss=0.5590, num_batches=56/66, num_samples=56]
      Epoch 0 train:   0%|          | 0/20 [00:39<?, ?it/s, avg_loss=0.5594, num_batches=57/66, num_samples=57]
      Epoch 0 train:   0%|          | 0/20 [00:39<?, ?it/s, avg_loss=0.5696, num_batches=58/66, num_samples=58]
      Epoch 0 train:   0%|          | 0/20 [00:39<?, ?it/s, avg_loss=0.5607, num_batches=59/66, num_samples=59]
      Epoch 0 train:   0%|          | 0/20 [00:42<?, ?it/s, avg_loss=0.5570, num_batches=60/66, num_samples=60]
      Epoch 0 train:   0%|          | 0/20 [00:50<?, ?it/s, avg_loss=0.5654, num_batches=61/66, num_samples=61]
      Epoch 0 train:   0%|          | 0/20 [00:57<?, ?it/s, avg_loss=0.5654, num_batches=61/66, num_samples=61]
Traceback (most recent call last):
  File "<frozen runpy>", line 198, in _run_module_as_main
  File "<frozen runpy>", line 88, in _run_code
  File "/home/oem/HilbertWSI/scripts/run_benchmark.py", line 251, in <module>
    main()
  File "/home/oem/HilbertWSI/scripts/run_benchmark.py", line 246, in main
    exp.train()
  File "/home/oem/miniconda3/envs/hilbert-wsi-clean/lib/python3.11/site-packages/patho_bench/experiments/FinetuningExperiment.py", line 154, in train
    self._run_single_epoch()
  File "/home/oem/miniconda3/envs/hilbert-wsi-clean/lib/python3.11/site-packages/patho_bench/experiments/FinetuningExperiment.py", line 367, in _run_single_epoch
    loss, info = self.model(batch, output='loss')
                 ^^^^^^^^^^^^^^^^^^^^^^^^^^^^^^^^
  File "/home/oem/miniconda3/envs/hilbert-wsi-clean/lib/python3.11/site-packages/torch/nn/modules/module.py", line 1736, in _wrapped_call_impl
    return self._call_impl(*args, **kwargs)
           ^^^^^^^^^^^^^^^^^^^^^^^^^^^^^^^^
  File "/home/oem/miniconda3/envs/hilbert-wsi-clean/lib/python3.11/site-packages/torch/nn/modules/module.py", line 1747, in _call_impl
    return forward_call(*args, **kwargs)
           ^^^^^^^^^^^^^^^^^^^^^^^^^^^^^
  File "/home/oem/miniconda3/envs/hilbert-wsi-clean/lib/python3.11/site-packages/patho_bench/TrainableSlideEncoder.py", line 61, in forward
    slide_features = Pooler.pool(self.slide_encoder, slide_encoder_input, self.device)
                     ^^^^^^^^^^^^^^^^^^^^^^^^^^^^^^^^^^^^^^^^^^^^^^^^^^^^^^^^^^^^^^^^^
  File "/home/oem/miniconda3/envs/hilbert-wsi-clean/lib/python3.11/site-packages/patho_bench/Pooler.py", line 134, in pool
    return model.forward(cleaned_sample, device)
           ^^^^^^^^^^^^^^^^^^^^^^^^^^^^^^^^^^^^^
  File "/home/oem/HilbertWSI/adapters/patho_bench.py", line 345, in forward
    return self.inner(batch, device=device)
           ^^^^^^^^^^^^^^^^^^^^^^^^^^^^^^^^
  File "/home/oem/miniconda3/envs/hilbert-wsi-clean/lib/python3.11/site-packages/torch/nn/modules/module.py", line 1736, in _wrapped_call_impl
    return self._call_impl(*args, **kwargs)
           ^^^^^^^^^^^^^^^^^^^^^^^^^^^^^^^^
  File "/home/oem/miniconda3/envs/hilbert-wsi-clean/lib/python3.11/site-packages/torch/nn/modules/module.py", line 1747, in _call_impl
    return forward_call(*args, **kwargs)
           ^^^^^^^^^^^^^^^^^^^^^^^^^^^^^
  File "/home/oem/HilbertWSI/hilbert_wsi/encoder_2d.py", line 161, in forward
    return self._encode(features, coords, mask=mask)
           ^^^^^^^^^^^^^^^^^^^^^^^^^^^^^^^^^^^^^^^^^
  File "/home/oem/HilbertWSI/hilbert_wsi/encoder_2d.py", line 122, in _encode
    return self.backbone(h, mask=mask)                                     # backbone skips its own proj_in
           ^^^^^^^^^^^^^^^^^^^^^^^^^^^
  File "/home/oem/miniconda3/envs/hilbert-wsi-clean/lib/python3.11/site-packages/torch/nn/modules/module.py", line 1736, in _wrapped_call_impl
    return self._call_impl(*args, **kwargs)
           ^^^^^^^^^^^^^^^^^^^^^^^^^^^^^^^^
  File "/home/oem/miniconda3/envs/hilbert-wsi-clean/lib/python3.11/site-packages/torch/nn/modules/module.py", line 1747, in _call_impl
    return forward_call(*args, **kwargs)
           ^^^^^^^^^^^^^^^^^^^^^^^^^^^^^
  File "/home/oem/HilbertWSI/hilbert_wsi/models/transformer.py", line 189, in forward
    x = blk(x, cos, sin, sdpa_mask)
        ^^^^^^^^^^^^^^^^^^^^^^^^^^^
  File "/home/oem/miniconda3/envs/hilbert-wsi-clean/lib/python3.11/site-packages/torch/nn/modules/module.py", line 1736, in _wrapped_call_impl
    return self._call_impl(*args, **kwargs)
           ^^^^^^^^^^^^^^^^^^^^^^^^^^^^^^^^
  File "/home/oem/miniconda3/envs/hilbert-wsi-clean/lib/python3.11/site-packages/torch/nn/modules/module.py", line 1747, in _call_impl
    return forward_call(*args, **kwargs)
           ^^^^^^^^^^^^^^^^^^^^^^^^^^^^^
  File "/home/oem/HilbertWSI/hilbert_wsi/models/transformer.py", line 92, in forward
    qkv = self.qkv(h).view(B, N, 3, self.n_heads, self.head_dim)
          ^^^^^^^^^^^
  File "/home/oem/miniconda3/envs/hilbert-wsi-clean/lib/python3.11/site-packages/torch/nn/modules/module.py", line 1736, in _wrapped_call_impl
    return self._call_impl(*args, **kwargs)
           ^^^^^^^^^^^^^^^^^^^^^^^^^^^^^^^^
  File "/home/oem/miniconda3/envs/hilbert-wsi-clean/lib/python3.11/site-packages/torch/nn/modules/module.py", line 1747, in _call_impl
    return forward_call(*args, **kwargs)
           ^^^^^^^^^^^^^^^^^^^^^^^^^^^^^
  File "/home/oem/miniconda3/envs/hilbert-wsi-clean/lib/python3.11/site-packages/torch/nn/modules/linear.py", line 125, in forward
    return F.linear(input, self.weight, self.bias)
           ^^^^^^^^^^^^^^^^^^^^^^^^^^^^^^^^^^^^^^^
torch.OutOfMemoryError: CUDA out of memory. Tried to allocate 426.00 MiB. GPU 0 has a total capacity of 11.76 GiB of which 67.50 MiB is free. Process 977 has 248.00 MiB memory in use. Including non-PyTorch memory, this process has 11.43 GiB memory in use. Of the allocated memory 10.01 GiB is allocated by PyTorch, and 1.12 GiB is reserved by PyTorch but unallocated. If reserved but unallocated memory is large try setting PYTORCH_CUDA_ALLOC_CONF=expandable_segments:True to avoid fragmentation.  See documentation for Memory Management  (https://pytorch.org/docs/stable/notes/cuda.html#environment-variables)

ERROR conda.cli.main_run:execute(127): `conda run python -m scripts.run_benchmark --source cptac_ccrcc --task BAP1_mutation --experiment_type finetune --model_name hilbertwsi_2dpe_transformer --patch_features_dir /data/hilbert-wsi/features/CPTAC_CCRCC --splits_root splits --saveto runs/postfix_ccrcc_2dpe_transformer --model_kwargs_yaml configs/backbones/transformer_2dpe_base.yaml --num_epochs 20 --gpu 0 --bag_size 2048` failed. (See above for error)
Loaded split from splits/cptac_ccrcc/BAP1_mutation/k=all.tsv with 103 samples and 50 folds assigned.

Experiment dir: runs/postfix_ccrcc_2dpe_transformer
############################################################################################################
Training: Fold 1 of 50...

